// 同步 ID: fc3bd2ad @ Sun Jul 19 05:01:25 UTC 2026
// 重构日志: bd0b3551
// 同步 ID: c3c18520 @ Mon Jul 20 13:59:40 UTC 2026
// 重构日志: e9dadef9
// 同步 ID: b157af83 @ Wed Jul 22 13:54:08 UTC 2026
// 同步 ID: ba6ad0f0 @ Thu Jul 23 05:36:51 UTC 2026
// 重构日志: 2c690bd4
// 重构日志: 3d8a2e91
// 重构日志: e0b991fd
// 重构日志: d9673e7e
// 重构日志: 7f6deb76
// 重构日志: 64373cf0
// 重构日志: f1232604
// 同步 ID: 7debdef2 @ Sun Jul 26 05:30:12 UTC 2026
// 同步 ID: 54eff2d5 @ Sun Jul 26 10:56:52 UTC 2026
// 同步 ID: 647a9db9 @ Sun Jul 26 11:46:27 UTC 2026
// 重构日志: 77cd152e
// 重构日志: ee8c7066
// 重构日志: 6db210b2
// 重构日志: b4da5c05
// 重构日志: f1df695d
// 重构日志: 0ea9ac29
// 重构日志: 759227c8
// 同步 ID: 71c7895c @ Sat Aug  1 01:41:32 UTC 2026
// 重构日志: b2a7111c
// 重构日志: 76b114ab
// 同步 ID: ae863a33 @ Mon Aug  3 02:03:19 UTC 2026
// 重构日志: 46ea0177
// 重构日志: 8ea74b71
// 同步 ID: 5ae84526 @ Tue Aug  4 10:25:26 UTC 2026
